
> meal-algorithm@0.1.0 build
> next build

  鈻?Next.js 14.2.35
  - Environments: .env.local

   Creating an optimized production build ...
 鉁?Compiled successfully
   Linting and checking validity of types ...
node.exe : 
所在位置 行:1 字符: 1
+ & "C:\Program Files\nodejs
/node.exe" "C:\Program Files
\nodejs/node_mo ...
+ ~~~~~~~~~~~~~~~~~~~~~~~~~~
~~~~~~~~~~~~~~~~~~~~~~~~~~~~
~~~~~~~~~~~~~~~
    + CategoryInfo          
    : NotSpecified: (:Stri  
  ng) [], RemoteException
    + FullyQualifiedErrorId 
    : NativeCommandError
 
Failed to compile.

./src/app/settings/page.tsx
64:17  Warning: Using `<img>
` could result in slower LCP
 and higher bandwidth. Consi
der using `<Image />` from `
next/image` to automatically
 optimize images. This may i
ncur additional usage or cos
t from your provider. See: h
ttps://nextjs.org/docs/messa
ges/no-img-element  @next/ne
xt/no-img-element
73:17  Warning: Using `<img>
` could result in slower LCP
 and higher bandwidth. Consi
der using `<Image />` from `
next/image` to automatically
 optimize images. This may i
ncur additional usage or cos
t from your provider. See: h
ttps://nextjs.org/docs/messa
ges/no-img-element  @next/ne
xt/no-img-element

./src/components/dashboard/S
tatisticsView.tsx
46:58  Error: 'lastUpdateTim
estamp' is defined but never
 used.  @typescript-eslint/n
o-unused-vars

./src/components/meals/MealL
ogForm.tsx
160:37  Warning: Using `<img
>` could result in slower LC
P and higher bandwidth. Cons
ider using `<Image />` from 
`next/image` to automaticall
y optimize images. This may 
incur additional usage or co
st from your provider. See: 
https://nextjs.org/docs/mess
ages/no-img-element  @next/n
ext/no-img-element

info  - Need to disable some
 ESLint rules? Learn more he
re: https://nextjs.org/docs/
basic-features/eslint#disabl
ing-rules
